Executing action: flash
Serial port /dev/ttyS9
/dev/ttyS9 failed to connect: Could not open /dev/ttyS9, the port is busy or doesn't exist.
(Could not configure port: (5, 'Input/output error'))

Serial port /dev/ttyS8
/dev/ttyS8 failed to connect: Could not open /dev/ttyS8, the port is busy or doesn't exist.
(Could not configure port: (5, 'Input/output error'))

Serial port /dev/ttyS7
/dev/ttyS7 failed to connect: Could not open /dev/ttyS7, the port is busy or doesn't exist.
(Could not configure port: (5, 'Input/output error'))

Serial port /dev/ttyS6
/dev/ttyS6 failed to connect: Could not open /dev/ttyS6, the port is busy or doesn't exist.
(Could not configure port: (5, 'Input/output error'))

Serial port /dev/ttyS5
/dev/ttyS5 failed to connect: Could not open /dev/ttyS5, the port is busy or doesn't exist.
(Could not configure port: (5, 'Input/output error'))

Serial port /dev/ttyS4
/dev/ttyS4 failed to connect: Could not open /dev/ttyS4, the port is busy or doesn't exist.
(Could not configure port: (5, 'Input/output error'))

Serial port /dev/ttyS31
/dev/ttyS31 failed to connect: Could not open /dev/ttyS31, the port is busy or doesn't exist.
(Could not configure port: (5, 'Input/output error'))

Serial port /dev/ttyS30
/dev/ttyS30 failed to connect: Could not open /dev/ttyS30, the port is busy or doesn't exist.
(Could not configure port: (5, 'Input/output error'))

Serial port /dev/ttyS3
/dev/ttyS3 failed to connect: Could not open /dev/ttyS3, the port is busy or doesn't exist.
(Could not configure port: (5, 'Input/output error'))

Serial port /dev/ttyS29
/dev/ttyS29 failed to connect: Could not open /dev/ttyS29, the port is busy or doesn't exist.
(Could not configure port: (5, 'Input/output error'))

Serial port /dev/ttyS28
/dev/ttyS28 failed to connect: Could not open /dev/ttyS28, the port is busy or doesn't exist.
(Could not configure port: (5, 'Input/output error'))

Serial port /dev/ttyS27
/dev/ttyS27 failed to connect: Could not open /dev/ttyS27, the port is busy or doesn't exist.
(Could not configure port: (5, 'Input/output error'))

Serial port /dev/ttyS26
/dev/ttyS26 failed to connect: Could not open /dev/ttyS26, the port is busy or doesn't exist.
(Could not configure port: (5, 'Input/output error'))

Serial port /dev/ttyS25
/dev/ttyS25 failed to connect: Could not open /dev/ttyS25, the port is busy or doesn't exist.
(Could not configure port: (5, 'Input/output error'))

Serial port /dev/ttyS24
/dev/ttyS24 failed to connect: Could not open /dev/ttyS24, the port is busy or doesn't exist.
(Could not configure port: (5, 'Input/output error'))

Serial port /dev/ttyS23
/dev/ttyS23 failed to connect: Could not open /dev/ttyS23, the port is busy or doesn't exist.
(Could not configure port: (5, 'Input/output error'))

Serial port /dev/ttyS22
/dev/ttyS22 failed to connect: Could not open /dev/ttyS22, the port is busy or doesn't exist.
(Could not configure port: (5, 'Input/output error'))

Serial port /dev/ttyS21
/dev/ttyS21 failed to connect: Could not open /dev/ttyS21, the port is busy or doesn't exist.
(Could not configure port: (5, 'Input/output error'))

Serial port /dev/ttyS20
/dev/ttyS20 failed to connect: Could not open /dev/ttyS20, the port is busy or doesn't exist.
(Could not configure port: (5, 'Input/output error'))

Serial port /dev/ttyS2
/dev/ttyS2 failed to connect: Could not open /dev/ttyS2, the port is busy or doesn't exist.
(Could not configure port: (5, 'Input/output error'))

Serial port /dev/ttyS19
/dev/ttyS19 failed to connect: Could not open /dev/ttyS19, the port is busy or doesn't exist.
(Could not configure port: (5, 'Input/output error'))

Serial port /dev/ttyS18
/dev/ttyS18 failed to connect: Could not open /dev/ttyS18, the port is busy or doesn't exist.
(Could not configure port: (5, 'Input/output error'))

Serial port /dev/ttyS17
/dev/ttyS17 failed to connect: Could not open /dev/ttyS17, the port is busy or doesn't exist.
(Could not configure port: (5, 'Input/output error'))

Serial port /dev/ttyS16
/dev/ttyS16 failed to connect: Could not open /dev/ttyS16, the port is busy or doesn't exist.
(Could not configure port: (5, 'Input/output error'))

Serial port /dev/ttyS15
/dev/ttyS15 failed to connect: Could not open /dev/ttyS15, the port is busy or doesn't exist.
(Could not configure port: (5, 'Input/output error'))

Serial port /dev/ttyS14
/dev/ttyS14 failed to connect: Could not open /dev/ttyS14, the port is busy or doesn't exist.
(Could not configure port: (5, 'Input/output error'))

Serial port /dev/ttyS13
/dev/ttyS13 failed to connect: Could not open /dev/ttyS13, the port is busy or doesn't exist.
(Could not configure port: (5, 'Input/output error'))

Serial port /dev/ttyS12
/dev/ttyS12 failed to connect: Could not open /dev/ttyS12, the port is busy or doesn't exist.
(Could not configure port: (5, 'Input/output error'))

Serial port /dev/ttyS11
/dev/ttyS11 failed to connect: Could not open /dev/ttyS11, the port is busy or doesn't exist.
(Could not configure port: (5, 'Input/output error'))

Serial port /dev/ttyS10
/dev/ttyS10 failed to connect: Could not open /dev/ttyS10, the port is busy or doesn't exist.
(Could not configure port: (5, 'Input/output error'))

Serial port /dev/ttyS1
/dev/ttyS1 failed to connect: Could not open /dev/ttyS1, the port is busy or doesn't exist.
(Could not configure port: (5, 'Input/output error'))

Serial port /dev/ttyS0
Connecting.......................
/dev/ttyS0 failed to connect: Failed to connect to Espressif device: No serial data received.
For troubleshooting steps visit: https://docs.espressif.com/projects/esptool/en/latest/troubleshooting.html
Serial port /dev/ttyACM0
Connecting...
Detecting chip type... ESP32-P4
Running ninja in directory /home/zhuwenjing/0720/esp-dl/examples/pp_ocr_v6/build
Executing "ninja flash"...
[0/1] Re-running CMake...
-- Minimal build - OFF
-- Building ESP-IDF components for target esp32p4
NOTICE: Skipping optional dependency: espressif/usb
NOTICE: Skipping optional dependency: espressif/esp32_s3_eye_noglib
NOTICE: Using component placed at /home/zhuwenjing/0720/esp-dl/models/pp_ocr_v6 for dependency "espressif/pp_ocr_v6", specified in /home/zhuwenjing/0720/esp-dl/examples/pp_ocr_v6/main/idf_component.yml
NOTICE:
Following dependencies have new versions available:
Dependency "espressif/esp_lcd_touch_gt911": "1.2.0~2" -> "1.2.0~3"
Consider running "idf.py update-dependencies" to update your lock file.
NOTICE: Processing 19 dependencies:
NOTICE: [1/19] espressif/cmake_utilities (0.5.3)
NOTICE: [2/19] espressif/dl_fft (0.6.0)
NOTICE: [3/19] espressif/esp-dl (3.3.9) (/home/zhuwenjing/0720/esp-dl/esp-dl)
NOTICE: [4/19] espressif/esp32_p4_function_ev_board_noglib (5.2.3)
NOTICE: [5/19] espressif/esp_cam_sensor (2.0.1)
NOTICE: [6/19] espressif/esp_codec_dev (1.5.11)
NOTICE: [7/19] espressif/esp_h264 (1.0.4)
NOTICE: [8/19] espressif/esp_ipa (1.3.1)
NOTICE: [9/19] espressif/esp_lcd_ek79007 (2.0.2~1)
NOTICE: [10/19] espressif/esp_lcd_ili9881c (1.1.0)
NOTICE: [11/19] espressif/esp_lcd_lt8912b (0.2.0)
NOTICE: [12/19] espressif/esp_lcd_touch (1.2.1)
NOTICE: [13/19] espressif/esp_lcd_touch_gt911 (1.2.0~2)
NOTICE: [14/19] espressif/esp_new_jpeg (1.0.2)
NOTICE: [15/19] espressif/esp_sccb_intf (0.0.8)
NOTICE: [16/19] espressif/esp_video (2.0.1)
NOTICE: [17/19] espressif/pp_ocr_v6 (0.1.0) (/home/zhuwenjing/0720/esp-dl/models/pp_ocr_v6)
NOTICE: [18/19] espressif/usb_host_uvc (2.4.2)
NOTICE: [19/19] idf (5.5.4)
-- ESP-TEE is currently supported only on the esp32c6;esp32h2;esp32c5 SoCs
NOTICE: Skipping optional dependency: espressif/esp32_s3_eye_noglib
NOTICE: Skipping optional dependency: espressif/usb
-- Project sdkconfig file /home/zhuwenjing/0720/esp-dl/examples/pp_ocr_v6/sdkconfig
Loading defaults file /home/zhuwenjing/0720/esp-dl/examples/pp_ocr_v6/sdkconfig.defaults...
Loading defaults file /home/zhuwenjing/0720/esp-dl/examples/pp_ocr_v6/sdkconfig.defaults.esp32p4...
-- Detecting C compiler ABI info
-- Detecting C compiler ABI info - done
-- Detecting CXX compiler ABI info
-- Detecting CXX compiler ABI info - done
-- Detecting C compiler ABI info
-- Detecting C compiler ABI info - done
-- Detecting CXX compiler ABI info
-- Detecting CXX compiler ABI info - done
-- Detecting C compiler ABI info
-- Detecting C compiler ABI info - done
-- Detecting CXX compiler ABI info
-- Detecting CXX compiler ABI info - done
-- Adding linker script /home/zhuwenjing/esp/esp-idf/components/riscv/ld/rom.api.ld
-- USING O3
-- App "pp_ocr_v6" version: v3.3.8-1-g3842b340-dirty
-- Adding linker script /home/zhuwenjing/0720/esp-dl/examples/pp_ocr_v6/build/esp-idf/esp_system/ld/memory.ld
-- Adding linker script /home/zhuwenjing/0720/esp-dl/examples/pp_ocr_v6/build/esp-idf/esp_system/ld/sections.ld.in
-- Adding linker script /home/zhuwenjing/esp/esp-idf/components/esp_rom/esp32p4/ld/esp32p4.rom.eco5.ld
-- Adding linker script /home/zhuwenjing/esp/esp-idf/components/esp_rom/esp32p4/ld/esp32p4.rom.api.ld
-- Adding linker script /home/zhuwenjing/esp/esp-idf/components/esp_rom/esp32p4/ld/esp32p4.rom.eco5.rvfp.ld
-- Adding linker script /home/zhuwenjing/esp/esp-idf/components/esp_rom/esp32p4/ld/esp32p4.rom.wdt.ld
-- Adding linker script /home/zhuwenjing/esp/esp-idf/components/esp_rom/esp32p4/ld/esp32p4.rom.systimer.ld
-- Adding linker script /home/zhuwenjing/esp/esp-idf/components/esp_rom/esp32p4/ld/esp32p4.rom.version.ld
-- Adding linker script /home/zhuwenjing/esp/esp-idf/components/esp_rom/esp32p4/ld/esp32p4.rom.eco5.libc.ld
-- Adding linker script /home/zhuwenjing/esp/esp-idf/components/esp_rom/esp32p4/ld/esp32p4.rom.eco5.newlib.ld
-- Adding linker script /home/zhuwenjing/esp/esp-idf/components/soc/esp32p4/ld/esp32p4.peripherals.ld
-- Configuring incomplete, errors occurred!
FAILED: build.ninja
/usr/bin/cmake --regenerate-during-build -S/home/zhuwenjing/0720/esp-dl/examples/pp_ocr_v6 -B/home/zhuwenjing/0720/esp-dl/examples/pp_ocr_v6/build
